******************************************************************************
                  MSP430 Linker PC v4.0.0                      
******************************************************************************
>> Linked Sun May 20 16:00:20 2012

OUTPUT FILE NAME:   <kanel_dev_bt.out>
ENTRY POINT SYMBOL: "_c_int00"  address: 0000c822


MEMORY CONFIGURATION

         name            origin    length      used     unused   attr    fill
----------------------  --------  ---------  --------  --------  ----  --------
  SFR                   00000000   00000010  00000000  00000010  RWIX
  PERIPHERALS_8BIT      00000010   000000f0  00000000  000000f0  RWIX
  PERIPHERALS_16BIT     00000100   00000100  00000000  00000100  RWIX
  RAM                   00000200   00000200  000001ac  00000054  RWIX
  INFOD                 00001000   00000040  00000000  00000040  RWIX
  INFOC                 00001040   00000040  00000000  00000040  RWIX
  INFOB                 00001080   00000040  00000000  00000040  RWIX
  INFOA                 000010c0   00000040  00000000  00000040  RWIX
  FLASH                 0000c000   00003fe0  00000a9c  00003544  RWIX
  INT00                 0000ffe0   00000002  00000000  00000002  RWIX
  INT01                 0000ffe2   00000002  00000000  00000002  RWIX
  INT02                 0000ffe4   00000002  00000000  00000002  RWIX
  INT03                 0000ffe6   00000002  00000000  00000002  RWIX
  INT04                 0000ffe8   00000002  00000000  00000002  RWIX
  INT05                 0000ffea   00000002  00000000  00000002  RWIX
  INT06                 0000ffec   00000002  00000000  00000002  RWIX
  INT07                 0000ffee   00000002  00000002  00000000  RWIX
  INT08                 0000fff0   00000002  00000000  00000002  RWIX
  INT09                 0000fff2   00000002  00000002  00000000  RWIX
  INT10                 0000fff4   00000002  00000000  00000002  RWIX
  INT11                 0000fff6   00000002  00000000  00000002  RWIX
  INT12                 0000fff8   00000002  00000000  00000002  RWIX
  INT13                 0000fffa   00000002  00000000  00000002  RWIX
  INT14                 0000fffc   00000002  00000000  00000002  RWIX
  RESET                 0000fffe   00000002  00000002  00000000  RWIX


SECTION ALLOCATION MAP

 output                                  attributes/
section   page    origin      length       input sections
--------  ----  ----------  ----------   ----------------
.pinit     0    0000c000    00000000     UNINITIALIZED

.bss       0    00000200    00000030     UNINITIALIZED
                  00000200    00000028     main.obj (.bss)
                  00000228    00000004     rts430.lib : _lock.obj (.bss)
                  0000022c    00000004                : boot.obj (.bss)

.args      0    00000230    0000012c     
                  00000230    0000012c     --HOLE-- [fill = 0]

.stack     0    000003b0    00000050     UNINITIALIZED
                  000003b0    00000002     rts430.lib : boot.obj (.stack)
                  000003b2    0000004e     --HOLE--

.text      0    0000c000    00000996     
                  0000c000    000002dc     main.obj (.text:main)
                  0000c2dc    000001ac     main.obj (.text:chaos)
                  0000c488    0000012c     main.obj (.text:run)
                  0000c5b4    000000d4     main.obj (.text:on)
                  0000c688    0000007a     main.obj (.text:cu_mode)
                  0000c702    0000005a     main.obj (.text:TIMERA0_ISR)
                  0000c75c    00000046     rts430.lib : autoinit.obj (.text:_auto_init)
                  0000c7a2    00000044     main.obj (.text:read_buffer)
                  0000c7e6    0000003c     main.obj (.text:USCI0RX_ISR)
                  0000c822    0000002e     rts430.lib : boot.obj (.text:_c_int00)
                  0000c850    0000002a                : exit.obj (.text:exit)
                  0000c87a    00000022                : args_main.obj (.text:_args_main)
                  0000c89c    00000020     main.obj (.text:buttonDelay)
                  0000c8bc    00000020     main.obj (.text:dim_all)
                  0000c8dc    0000001a     main.obj (.text:PWM)
                  0000c8f6    00000018     rts430.lib : strcmp.obj (.text:strcmp)
                  0000c90e    00000016                : div16u.obj (.text)
                  0000c924    00000014                : memset.obj (.text:memset)
                  0000c938    00000014                : mult16.obj (.text)
                  0000c94c    00000014     main.obj (.text:sizeOfArray)
                  0000c960    00000012     rts430.lib : memcpy.obj (.text:memcpy)
                  0000c972    00000010                : epilog.obj (.text)
                  0000c982    0000000a     main.obj (.text:flushArray)
                  0000c98c    00000004     rts430.lib : pre_init.obj (.text:_system_pre_init)
                  0000c990    00000004                : exit.obj (.text:abort)
                  0000c994    00000002                : _lock.obj (.text:_nop)

.const     0    0000c996    000000ac     
                  0000c996    00000082     main.obj (.const:.string)
                  0000ca18    00000006     main.obj (.const:goldgreen)
                  0000ca1e    00000006     main.obj (.const:green)
                  0000ca24    00000006     main.obj (.const:lightblue)
                  0000ca2a    00000006     main.obj (.const:orange)
                  0000ca30    00000006     main.obj (.const:purple)
                  0000ca36    00000006     main.obj (.const:red)
                  0000ca3c    00000006     main.obj (.const:yellow)

.cinit     0    0000ca42    0000005a     
                  0000ca42    00000058     main.obj (.cinit)
                  0000ca9a    00000002     --HOLE-- [fill = 0]

.int07     0    0000ffee    00000002     
                  0000ffee    00000002     main.obj (.int07)

.int09     0    0000fff2    00000002     
                  0000fff2    00000002     main.obj (.int09)

.reset     0    0000fffe    00000002     
                  0000fffe    00000002     rts430.lib : boot.obj (.reset)


GLOBAL SYMBOLS: SORTED ALPHABETICALLY BY Name 

address    name
--------   ----
00000200   .bss
0000c000   .text
0000004a   ADC10AE0
000001b0   ADC10CTL0
000001b2   ADC10CTL1
00000048   ADC10DTC0
00000049   ADC10DTC1
000001b4   ADC10MEM
000001bc   ADC10SA
00000057   BCSCTL1
00000058   BCSCTL2
00000053   BCSCTL3
0000c990   C$$EXIT
00000059   CACTL1
0000005a   CACTL2
000010fb   CALBC1_12MHZ
000010f9   CALBC1_16MHZ
000010ff   CALBC1_1MHZ
000010fd   CALBC1_8MHZ
000010fa   CALDCO_12MHZ
000010f8   CALDCO_16MHZ
000010fe   CALDCO_1MHZ
000010fc   CALDCO_8MHZ
0000005b   CAPD
00000056   DCOCTL
00000128   FCTL1
0000012a   FCTL2
0000012c   FCTL3
00000000   IE1
00000001   IE2
00000002   IFG1
00000003   IFG2
00000022   P1DIR
00000025   P1IE
00000024   P1IES
00000023   P1IFG
00000020   P1IN
00000021   P1OUT
00000027   P1REN
00000026   P1SEL
00000041   P1SEL2
0000002a   P2DIR
0000002d   P2IE
0000002c   P2IES
0000002b   P2IFG
00000028   P2IN
00000029   P2OUT
0000002f   P2REN
0000002e   P2SEL
00000042   P2SEL2
0000001a   P3DIR
00000018   P3IN
00000019   P3OUT
00000010   P3REN
0000001b   P3SEL
00000043   P3SEL2
0000c8dc   PWM
00000172   TA0CCR0
00000174   TA0CCR1
00000176   TA0CCR2
00000162   TA0CCTL0
00000164   TA0CCTL1
00000166   TA0CCTL2
00000160   TA0CTL
0000012e   TA0IV
00000170   TA0R
00000192   TA1CCR0
00000194   TA1CCR1
00000196   TA1CCR2
00000182   TA1CCTL0
00000184   TA1CCTL1
00000186   TA1CCTL2
00000180   TA1CTL
0000011e   TA1IV
00000190   TA1R
0000c702   TIMERA0_ISR
0000005d   UCA0ABCTL
00000062   UCA0BR0
00000063   UCA0BR1
00000060   UCA0CTL0
00000061   UCA0CTL1
0000005f   UCA0IRRCTL
0000005e   UCA0IRTCTL
00000064   UCA0MCTL
00000066   UCA0RXBUF
00000065   UCA0STAT
00000067   UCA0TXBUF
0000006a   UCB0BR0
0000006b   UCB0BR1
00000068   UCB0CTL0
00000069   UCB0CTL1
0000006c   UCB0I2CIE
00000118   UCB0I2COA
0000011a   UCB0I2CSA
0000006e   UCB0RXBUF
0000006d   UCB0STAT
0000006f   UCB0TXBUF
0000c7e6   USCI0RX_ISR
00000120   WDTCTL
00000400   __STACK_END
00000050   __STACK_SIZE
00000001   __TI_args_main
00000001   __TI_auto_init
00000001   __TI_exit
ffffffff   __binit__
00000200   __bss__
00000230   __c_args__
0000ca42   __cinit__
0000c90e   __divu
00000230   __end__
0000c996   __etext__
0000c938   __mpyi
ffffffff   __pinit__
0000c90e   __remu
0000c000   __text__
0000c87a   _args_main
0000c75c   _auto_init
0000c822   _c_int00
0000022c   _cleanup_ptr
0000022e   _dtors_ptr
00000228   _lock
0000c994   _nop
0000fffe   _reset_vector
000003b0   _stack
0000c98c   _system_pre_init
0000022a   _unlock
0000c990   abort
ffffffff   binit
0000c89c   buttonDelay
0000c2dc   chaos
00000200   chaosTime
0000ca42   cinit
0000c688   cu_mode
0000c8bc   dim_all
00000230   end
0000c996   etext
0000c850   exit
00000224   f_command
00000222   f_read
00000202   fade
0000c982   flushArray
0000c97e   func_epilog_1
0000c97c   func_epilog_2
0000c97a   func_epilog_3
0000c978   func_epilog_4
0000c976   func_epilog_5
0000c974   func_epilog_6
0000c972   func_epilog_7
0000ca18   goldgreen
0000ca1e   green
0000020c   hold_L
0000020e   hold_R
00000218   interarray
00000220   iter
0000ca24   lightblue
0000c000   main
0000c960   memcpy
0000c924   memset
00000208   mode
0000c5b4   on
0000ca2a   orange
ffffffff   pinit
0000ca30   purple
00000226   pwm1
0000c7a2   read_buffer
0000ca36   red
0000c488   run
0000c94c   sizeOfArray
00000210   special
00000216   special_iter
0000c8f6   strcmp
00000204   time
00000206   time2
0000020a   total_modes
0000ca3c   yellow


GLOBAL SYMBOLS: SORTED BY Symbol Address 

address    name
--------   ----
00000000   IE1
00000001   IE2
00000001   __TI_args_main
00000001   __TI_auto_init
00000001   __TI_exit
00000002   IFG1
00000003   IFG2
00000010   P3REN
00000018   P3IN
00000019   P3OUT
0000001a   P3DIR
0000001b   P3SEL
00000020   P1IN
00000021   P1OUT
00000022   P1DIR
00000023   P1IFG
00000024   P1IES
00000025   P1IE
00000026   P1SEL
00000027   P1REN
00000028   P2IN
00000029   P2OUT
0000002a   P2DIR
0000002b   P2IFG
0000002c   P2IES
0000002d   P2IE
0000002e   P2SEL
0000002f   P2REN
00000041   P1SEL2
00000042   P2SEL2
00000043   P3SEL2
00000048   ADC10DTC0
00000049   ADC10DTC1
0000004a   ADC10AE0
00000050   __STACK_SIZE
00000053   BCSCTL3
00000056   DCOCTL
00000057   BCSCTL1
00000058   BCSCTL2
00000059   CACTL1
0000005a   CACTL2
0000005b   CAPD
0000005d   UCA0ABCTL
0000005e   UCA0IRTCTL
0000005f   UCA0IRRCTL
00000060   UCA0CTL0
00000061   UCA0CTL1
00000062   UCA0BR0
00000063   UCA0BR1
00000064   UCA0MCTL
00000065   UCA0STAT
00000066   UCA0RXBUF
00000067   UCA0TXBUF
00000068   UCB0CTL0
00000069   UCB0CTL1
0000006a   UCB0BR0
0000006b   UCB0BR1
0000006c   UCB0I2CIE
0000006d   UCB0STAT
0000006e   UCB0RXBUF
0000006f   UCB0TXBUF
00000118   UCB0I2COA
0000011a   UCB0I2CSA
0000011e   TA1IV
00000120   WDTCTL
00000128   FCTL1
0000012a   FCTL2
0000012c   FCTL3
0000012e   TA0IV
00000160   TA0CTL
00000162   TA0CCTL0
00000164   TA0CCTL1
00000166   TA0CCTL2
00000170   TA0R
00000172   TA0CCR0
00000174   TA0CCR1
00000176   TA0CCR2
00000180   TA1CTL
00000182   TA1CCTL0
00000184   TA1CCTL1
00000186   TA1CCTL2
00000190   TA1R
00000192   TA1CCR0
00000194   TA1CCR1
00000196   TA1CCR2
000001b0   ADC10CTL0
000001b2   ADC10CTL1
000001b4   ADC10MEM
000001bc   ADC10SA
00000200   .bss
00000200   __bss__
00000200   chaosTime
00000202   fade
00000204   time
00000206   time2
00000208   mode
0000020a   total_modes
0000020c   hold_L
0000020e   hold_R
00000210   special
00000216   special_iter
00000218   interarray
00000220   iter
00000222   f_read
00000224   f_command
00000226   pwm1
00000228   _lock
0000022a   _unlock
0000022c   _cleanup_ptr
0000022e   _dtors_ptr
00000230   __c_args__
00000230   __end__
00000230   end
000003b0   _stack
00000400   __STACK_END
000010f8   CALDCO_16MHZ
000010f9   CALBC1_16MHZ
000010fa   CALDCO_12MHZ
000010fb   CALBC1_12MHZ
000010fc   CALDCO_8MHZ
000010fd   CALBC1_8MHZ
000010fe   CALDCO_1MHZ
000010ff   CALBC1_1MHZ
0000c000   .text
0000c000   __text__
0000c000   main
0000c2dc   chaos
0000c488   run
0000c5b4   on
0000c688   cu_mode
0000c702   TIMERA0_ISR
0000c75c   _auto_init
0000c7a2   read_buffer
0000c7e6   USCI0RX_ISR
0000c822   _c_int00
0000c850   exit
0000c87a   _args_main
0000c89c   buttonDelay
0000c8bc   dim_all
0000c8dc   PWM
0000c8f6   strcmp
0000c90e   __divu
0000c90e   __remu
0000c924   memset
0000c938   __mpyi
0000c94c   sizeOfArray
0000c960   memcpy
0000c972   func_epilog_7
0000c974   func_epilog_6
0000c976   func_epilog_5
0000c978   func_epilog_4
0000c97a   func_epilog_3
0000c97c   func_epilog_2
0000c97e   func_epilog_1
0000c982   flushArray
0000c98c   _system_pre_init
0000c990   C$$EXIT
0000c990   abort
0000c994   _nop
0000c996   __etext__
0000c996   etext
0000ca18   goldgreen
0000ca1e   green
0000ca24   lightblue
0000ca2a   orange
0000ca30   purple
0000ca36   red
0000ca3c   yellow
0000ca42   __cinit__
0000ca42   cinit
0000fffe   _reset_vector
ffffffff   __binit__
ffffffff   __pinit__
ffffffff   binit
ffffffff   pinit

[175 symbols]
